# TLS secrets log file, generated by OpenSSL / Python
SERVER_HANDSHAKE_TRAFFIC_SECRET 3a6b930b9fe9a4b9c9768eaebba6b8e4597a2a6702bef38dc08dd191fcfe242a 167f6c343b213f735e88ad2dd33e7c6371261375076f82962302fdefbcfe54ec0a2e76296e7b9050c26d77892bcdbc60
EXPORTER_SECRET 3a6b930b9fe9a4b9c9768eaebba6b8e4597a2a6702bef38dc08dd191fcfe242a 5663424e4278285a3a6014f64ee73992e54b75d4c492bbb92c6054fc7d3fda7a8ecd1c4ab71b1f6559959d799bc31aac
SERVER_TRAFFIC_SECRET_0 3a6b930b9fe9a4b9c9768eaebba6b8e4597a2a6702bef38dc08dd191fcfe242a f1ee978e150405c9af5a8fcb1ed40f4ae958e0645b83f0eae8d0835c75b37008ad3d557edd5822fede6f9983438eafa2
CLIENT_HANDSHAKE_TRAFFIC_SECRET 3a6b930b9fe9a4b9c9768eaebba6b8e4597a2a6702bef38dc08dd191fcfe242a 06d97d44434d97067cf502b3f8dd410b933fbc10611e12be7e3efd1b1cad334875049c6941c77d32340b8a62f09279b6
CLIENT_TRAFFIC_SECRET_0 3a6b930b9fe9a4b9c9768eaebba6b8e4597a2a6702bef38dc08dd191fcfe242a 420f25faa8f33c36db4dad56cb0b58c339e11dcb6065a0c40d317bb6acc4a13bf97f96f4079e31fbe82b811d9f282bfb
SERVER_HANDSHAKE_TRAFFIC_SECRET 45c850fae3570442656cabf37ab6c121bcec5a90466c4062f48075766b78a733 edc31e370e9791473ba31f1345f6a7a76b75518a082b0d54649e3f14c20b2c1b16e9038f44b637e54c08fa1c4ea79bf2
EXPORTER_SECRET 45c850fae3570442656cabf37ab6c121bcec5a90466c4062f48075766b78a733 5e2b4800ae0e4988407e47ae79918fa8865f700c24c44fb943a658862651b3f143897fe7d59d976fc70822e71fb73a21
SERVER_TRAFFIC_SECRET_0 45c850fae3570442656cabf37ab6c121bcec5a90466c4062f48075766b78a733 01ebe16f94830de1b1cf74553b6585368a14f406e0f83d69ad65e1cd721b342ebb115bcda30ca6f167f561261fea1656
CLIENT_HANDSHAKE_TRAFFIC_SECRET 45c850fae3570442656cabf37ab6c121bcec5a90466c4062f48075766b78a733 178964bb7af66decaae6b560e8242895a4390a3dce46962610fb62c39ad5d9234fe7a351c4a59500f3d7acddd91d0c9d
CLIENT_TRAFFIC_SECRET_0 45c850fae3570442656cabf37ab6c121bcec5a90466c4062f48075766b78a733 66defb45418b86644437265dba29fd8b46d96682a7c31fdb5c25c71d2012bb06f7d290e6d8f21cffe80d17953dd60a8f
SERVER_HANDSHAKE_TRAFFIC_SECRET e32bfda7fe66ab4c88a93cc8997d660f9476f9d376694455098af9ab83055ca7 f42009cdfcba62c948d9b48a04d5e91891ca493cb0aa8f7530652a453a853176027685d1c978175591b89febdc4badcc
EXPORTER_SECRET e32bfda7fe66ab4c88a93cc8997d660f9476f9d376694455098af9ab83055ca7 2a3ba2ac49c8cf9985f25400fc49eebcc9003bedb8d71cbc30e1fee027aeed9b031278bf5e2ea801edc0eed8c2834600
SERVER_TRAFFIC_SECRET_0 e32bfda7fe66ab4c88a93cc8997d660f9476f9d376694455098af9ab83055ca7 240b080a6433b3fe0ed1bfef9696d3a79c591edbfc764821c6b00ac10fdf57e80e7668605c21f71b97620f8e2f3e10b5
CLIENT_HANDSHAKE_TRAFFIC_SECRET e32bfda7fe66ab4c88a93cc8997d660f9476f9d376694455098af9ab83055ca7 9796c77134d2119200e4f972648cefe9dff32aee5ebd92f051a483f8c021ac4c45b89572b42f5175e79cea252c9de730
CLIENT_TRAFFIC_SECRET_0 e32bfda7fe66ab4c88a93cc8997d660f9476f9d376694455098af9ab83055ca7 82ef42d6e8d2537cced57f27833e5d3488a74660d640b537c70cad9bc6325f9fe0f11f4486ffdaad9c4653e46f85d5ba
SERVER_HANDSHAKE_TRAFFIC_SECRET 1c030c094e568533df8692ff3eebc21240860ed87b8c51dc934cf61e57241b01 e02d1e72f5187f841ad9de1b9043d92f39dd7c7a37f5528ada693e9e2b42c821b75a08788ac4f79ea257fa5dc9051797
EXPORTER_SECRET 1c030c094e568533df8692ff3eebc21240860ed87b8c51dc934cf61e57241b01 ec3257180f68d014ccfa65bbab1b363c4fe2c029dedc689dd968272356732fca02d3d2b39cad60374c802ab8d9ca851e
SERVER_TRAFFIC_SECRET_0 1c030c094e568533df8692ff3eebc21240860ed87b8c51dc934cf61e57241b01 ad04bea8276f7d003f6e1bbef433e3e331bbc049418594a1677685552885d85f9f8abe0506472e8990d1c0e490bda3c2
CLIENT_HANDSHAKE_TRAFFIC_SECRET 1c030c094e568533df8692ff3eebc21240860ed87b8c51dc934cf61e57241b01 6a1f2923e0800ae812314f877e7ec20f7b09183f32bd5a8f9d65b40ffadc2ac994cd3f733f800363a616775315cb14be
CLIENT_TRAFFIC_SECRET_0 1c030c094e568533df8692ff3eebc21240860ed87b8c51dc934cf61e57241b01 7883087dbd3d41bb9a622eab44cf234459385db3034e299572cc715d99d42613faa8d261aa16ef692c2fb075479573ad
SERVER_HANDSHAKE_TRAFFIC_SECRET d8b8cf025aa91b3f6d668177e849e11fad26eb433668c892db8708157c6a28c7 98607560206d824db251496b78834268baa4b69dbdd1e6491139a4b3e1b4cbfcdc44924670b23b90309cc5d8c40db541
EXPORTER_SECRET d8b8cf025aa91b3f6d668177e849e11fad26eb433668c892db8708157c6a28c7 ae50e52291c09bc306b2a7a283ad101a6627d9f54e1d2950ffe4f572fe9a1d53f9f80cfb3fe3dae68ab4760b06ccf8de
SERVER_TRAFFIC_SECRET_0 d8b8cf025aa91b3f6d668177e849e11fad26eb433668c892db8708157c6a28c7 cc0652686db8c6d419fe36d76c479af7a750c72a7d971e494ae489dac6f32db0346ae8b6f9c21338439c5c166a886a68
CLIENT_HANDSHAKE_TRAFFIC_SECRET d8b8cf025aa91b3f6d668177e849e11fad26eb433668c892db8708157c6a28c7 6cde8f1a339fb8e23d048ffa544400a14b1f714f0819aed47ed4da6e466639ae8f1fdb784192936e17831fa75a6fe7fe
CLIENT_TRAFFIC_SECRET_0 d8b8cf025aa91b3f6d668177e849e11fad26eb433668c892db8708157c6a28c7 fe1ab35e3e55ea095b1bd8e84eb3d85f3e9775edb2f6dede46e7d4b53b1d517e7c19ea7309acd2f0b5dd0b7ff34b8286
SERVER_HANDSHAKE_TRAFFIC_SECRET 4a284d441163f74ad5056d29120b2323e970c7917efdbe7ba7c389d6ec7e772d 4de79cf76a1ac02546dc54cfbf554ba0e6013c24cd3a9cd0fdb2915929bc673921cf9e12213bd1522c582a4ba4feb370
EXPORTER_SECRET 4a284d441163f74ad5056d29120b2323e970c7917efdbe7ba7c389d6ec7e772d 6a4c256191ba02c23a65abd0b335a08808d6bea8ac0c1ec43aebfc35a9239484104ad8728b93b9dd86e4d9295a92b69a
SERVER_TRAFFIC_SECRET_0 4a284d441163f74ad5056d29120b2323e970c7917efdbe7ba7c389d6ec7e772d 7c313cb22952a12d98ae1789c1ba132a0e528d35ed8a07ef59c9bdb42b542c42d5b31c97c382889af00e49192147b1ee
CLIENT_HANDSHAKE_TRAFFIC_SECRET 4a284d441163f74ad5056d29120b2323e970c7917efdbe7ba7c389d6ec7e772d 60a12d90d48dc146b8760504d9a5098bc3d1c3492d976a9a0f1d125b52256f3c6bf0bb9eb434e69f907719ce608224bc
CLIENT_TRAFFIC_SECRET_0 4a284d441163f74ad5056d29120b2323e970c7917efdbe7ba7c389d6ec7e772d d92cb812d02e7a8a8a58e433e2e0d89f416a9d1448a3683daad68bf600b6851b19880f276bc12803f2426a3cf1b75e23
SERVER_HANDSHAKE_TRAFFIC_SECRET 50f9044a6c5e17067c0e31e075ff917c5d2d363406dc64d1883205ae9d9bdac0 7ae093f7e60bfa8e0febb5ff52ea858053ee90d8a3781b40b2530af0e3205622e55c8eb60c989d12882cb82afa0df5d0
EXPORTER_SECRET 50f9044a6c5e17067c0e31e075ff917c5d2d363406dc64d1883205ae9d9bdac0 685ce54005f2c1931d6ad13aa7bf5d2a2510946a470910c8a4887227afcd8c0ae1f74727a2c659b2db54dff873facc89
SERVER_TRAFFIC_SECRET_0 50f9044a6c5e17067c0e31e075ff917c5d2d363406dc64d1883205ae9d9bdac0 8268c95275caf048ce413bc062e7a9897f7b6b150566bc787d51d5e199bb507bf64e0274ee879631062184f3a71eb5d5
CLIENT_HANDSHAKE_TRAFFIC_SECRET 50f9044a6c5e17067c0e31e075ff917c5d2d363406dc64d1883205ae9d9bdac0 5ab05ebb008f94467abf0895f0fe76f87cd6c70b35a4efd72370599df5c7946d6b15329d2d24767f03bbffcffcebb523
CLIENT_TRAFFIC_SECRET_0 50f9044a6c5e17067c0e31e075ff917c5d2d363406dc64d1883205ae9d9bdac0 e084f666579702a29f5cc99d111a2ad6446ab884a23a44181578e0b7adb9e9742d69d583ac8ec5de6bc21a52a2ca2e55
SERVER_HANDSHAKE_TRAFFIC_SECRET 53375908339bf7faccb8b47d6c748cc3e3129c1af25b1f942c4797706ce6469b 958a2e685cc53b04828bb6dd61c3730dbdfe7a2f83e3889f74bb8df97fa15cf331ed862ccbb6e86004af1a4181e36319
EXPORTER_SECRET 53375908339bf7faccb8b47d6c748cc3e3129c1af25b1f942c4797706ce6469b d4be6246fbb997391c3fa22961f230e99511a05d4fd297046deb42704ff9dafb12e912197f63bae8a28249b5110eaf35
SERVER_TRAFFIC_SECRET_0 53375908339bf7faccb8b47d6c748cc3e3129c1af25b1f942c4797706ce6469b 7e7b959bcd12c2da225c8a49d198c711f8c3ae129aa5e693e159fa3d3e39da827f450e569721e4bf18bfacaa83652160
CLIENT_HANDSHAKE_TRAFFIC_SECRET 53375908339bf7faccb8b47d6c748cc3e3129c1af25b1f942c4797706ce6469b 78091f62b2663c8aa6de86c2f4c74a272218fc32464e1890d9d2f78c2a4853f2eca1c8e7f4651b77848ab3705fe7250c
CLIENT_TRAFFIC_SECRET_0 53375908339bf7faccb8b47d6c748cc3e3129c1af25b1f942c4797706ce6469b 27c337db1e3cb0c3c55aa14e6c8c7a7f94abb842e53c8116d11d1b46cbe0467ceb2a4b106261efd15de31aa3455b72b1
SERVER_HANDSHAKE_TRAFFIC_SECRET bbe506e27c6331dee59b7ffb30789b36f8e4a59c4fbaf0a7eadbdc78aeac5d2e dc886653c90433afffee50171b9c3ef5f5a4a80bfba38288e9e23e419ea0f2d1ad6eabd2a74eb47673994075b8520849
EXPORTER_SECRET bbe506e27c6331dee59b7ffb30789b36f8e4a59c4fbaf0a7eadbdc78aeac5d2e c3636275ef6fcee7d4ab81166dacab49d59869fb507442080d246bb2680fdaa4d3ce59b52cb81bc3c8c10b0c5847435d
SERVER_TRAFFIC_SECRET_0 bbe506e27c6331dee59b7ffb30789b36f8e4a59c4fbaf0a7eadbdc78aeac5d2e 58201dcf48888e48abae50338e0f3b73756e53601d24e61ac871d02a4e3a1d2669b33979ffab3c4aa567f93dda91ccae
CLIENT_HANDSHAKE_TRAFFIC_SECRET bbe506e27c6331dee59b7ffb30789b36f8e4a59c4fbaf0a7eadbdc78aeac5d2e 61b01e57deec9108ba685d1c16906db1a6aa29eaa56675e7d044d518435b7e6b1e647e6e666c676c03c793808a5af343
CLIENT_TRAFFIC_SECRET_0 bbe506e27c6331dee59b7ffb30789b36f8e4a59c4fbaf0a7eadbdc78aeac5d2e fbcd6415c048820f4c6d05e0bb2aefc8076e678e08d2980186c44accf55b528b0f36663739ac751a5bf53af345de15d0
SERVER_HANDSHAKE_TRAFFIC_SECRET 04423d23dced2f033e0a3e2d1a6a0b4479d93e74c4a3352dfdac3ef267ee5479 d7c4b1dc8143429c8c95e7c033055306eb92af3e19421ac51182439730fab185f0d10151c07da7d6b8cc57990038c792
EXPORTER_SECRET 04423d23dced2f033e0a3e2d1a6a0b4479d93e74c4a3352dfdac3ef267ee5479 d2a0e43d452f61504f355804ae9548d2cebfbf37e29e1a694a5d8aaf2c1200596a6ad6c41128a8967c5bbd4e94bd8c2b
SERVER_TRAFFIC_SECRET_0 04423d23dced2f033e0a3e2d1a6a0b4479d93e74c4a3352dfdac3ef267ee5479 0b0e04a32a61b4dc40e4c9d0dcc025b4843515467b7a05197012c1d8cd82ffd7e0bea2371462ff553739df6970dcd5ac
CLIENT_HANDSHAKE_TRAFFIC_SECRET 04423d23dced2f033e0a3e2d1a6a0b4479d93e74c4a3352dfdac3ef267ee5479 c091686427389eeb3aae7d81cd60716ce45dd5187e92bd945636e0365c9e5e1539e38bfb1c044d74163c0d5952ba6046
CLIENT_TRAFFIC_SECRET_0 04423d23dced2f033e0a3e2d1a6a0b4479d93e74c4a3352dfdac3ef267ee5479 e84fcaa4f4d83c36d2cb89b7ca4d3570359c3a8d06b6961a18490f19a53ae9e6e1b9618a079923d705ba65a553f534bf
SERVER_HANDSHAKE_TRAFFIC_SECRET 786d0604f861badab06ba768671a9f3bd80b6fffc8a2d92469b41b672f505198 f2e97265fef6d3790856218a8d6d14475d438121a852235b29a0e8ea4479a7fee90701fde3f901011d9cf5f5f03bafac
EXPORTER_SECRET 786d0604f861badab06ba768671a9f3bd80b6fffc8a2d92469b41b672f505198 6cdb52a3a272b2bc8c7bdfbb684af40d08cc098cb0f3ab53306332932580e092d789d9a5e4dfea49cf457c68e4ac4419
SERVER_TRAFFIC_SECRET_0 786d0604f861badab06ba768671a9f3bd80b6fffc8a2d92469b41b672f505198 7b96e28922a624d41a50c079a01a3e5f3102ff8577fe96f9549d180c940835da067fec866577c35d7b09e0768a0046aa
CLIENT_HANDSHAKE_TRAFFIC_SECRET 786d0604f861badab06ba768671a9f3bd80b6fffc8a2d92469b41b672f505198 befe7a8e34b58146ec552627032d07488f4fc0cd3152faf37f7a7a9149881cee73684c32b2eabc94b6d8da2db5e3ad5f
CLIENT_TRAFFIC_SECRET_0 786d0604f861badab06ba768671a9f3bd80b6fffc8a2d92469b41b672f505198 43f142548abc931b8e1b6d45f10226a35c7621d71d37748186fa2131890961d4a5543e6bdb523c685fe4c35164d5ec5d
